---Build completed---npm run build
